// Jest Snapshot v1, https://goo.gl/fbAQLP

exports[`Example testing should use the mocked SundaeSDK 1`] = `
<div>
  <div
    class="flex flex-col gap-4"
  >
    <h2
      class="mb-4 text-lg font-bold text-white"
    >
      SundaeSwap Protocol Actions
    </h2>
    <div
      class="grid grid-cols-3 gap-4"
    >
      <button
        class="flex items-center justify-center gap-4 rounded-md bg-blue-500 px-4 py-2 font-bold text-white transition-colors hover:bg-blue-800"
      >
        Swap tINDY for tADA
      </button>
      <button
        class="flex items-center justify-center gap-4 rounded-md bg-blue-500 px-4 py-2 font-bold text-white transition-colors hover:bg-blue-800"
      >
        Swap tADA for tINDY
      </button>
    </div>
  </div>
</div>
`;
